
===========================================================================
 report_power
============================================================================
======================= Fastest Corner ===================================

Group                  Internal  Switching    Leakage      Total
                          Power      Power      Power      Power (Watts)
----------------------------------------------------------------
Sequential             3.41e-03   1.27e-03   8.46e-09   4.68e-03  13.4%
Combinational          1.32e-02   1.59e-02   2.84e-08   2.91e-02  83.4%
Clock                  2.52e-04   8.44e-04   1.20e-08   1.10e-03   3.1%
Macro                  0.00e+00   0.00e+00   0.00e+00   0.00e+00   0.0%
Pad                    0.00e+00   0.00e+00   0.00e+00   0.00e+00   0.0%
----------------------------------------------------------------
Total                  1.69e-02   1.80e-02   4.89e-08   3.49e-02 100.0%
                          48.4%      51.6%       0.0%

======================= Slowest Corner ===================================

Group                  Internal  Switching    Leakage      Total
                          Power      Power      Power      Power (Watts)
----------------------------------------------------------------
Sequential             2.32e-03   8.35e-04   7.96e-06   3.16e-03  13.1%
Combinational          9.73e-03   1.05e-02   2.26e-05   2.03e-02  83.9%
Clock                  1.85e-04   5.37e-04   3.78e-07   7.23e-04   3.0%
Macro                  0.00e+00   0.00e+00   0.00e+00   0.00e+00   0.0%
Pad                    0.00e+00   0.00e+00   0.00e+00   0.00e+00   0.0%
----------------------------------------------------------------
Total                  1.22e-02   1.19e-02   3.09e-05   2.41e-02 100.0%
                          50.7%      49.2%       0.1%

======================= Typical Corner ===================================

Group                  Internal  Switching    Leakage      Total
                          Power      Power      Power      Power (Watts)
----------------------------------------------------------------
Sequential             2.94e-03   1.07e-03   4.59e-09   4.01e-03  13.2%
Combinational          1.20e-02   1.34e-02   1.55e-08   2.54e-02  83.7%
Clock                  2.23e-04   7.08e-04   1.14e-08   9.31e-04   3.1%
Macro                  0.00e+00   0.00e+00   0.00e+00   0.00e+00   0.0%
Pad                    0.00e+00   0.00e+00   0.00e+00   0.00e+00   0.0%
----------------------------------------------------------------
Total                  1.51e-02   1.52e-02   3.15e-08   3.03e-02 100.0%
                          49.9%      50.1%       0.0%

