
===========================================================================
report_checks -unconstrained
===========================================================================
======================= Fastest Corner ===================================

Startpoint: stage_4.input_fifo._304_
            (rising edge-triggered flip-flop clocked by CLK)
Endpoint: stage_4.output_fifo._330_
          (rising edge-triggered flip-flop clocked by CLK)
Path Group: CLK
Path Type: max
Corner: Fastest

Fanout     Cap    Slew   Delay    Time   Description
-----------------------------------------------------------------------------
                  0.15    0.00    0.00   clock CLK (rise edge)
                          0.00    0.00   clock network delay (ideal)
                  0.15    0.00    0.00 ^ stage_4.input_fifo._304_/CLK (sky130_fd_sc_hd__dfxtp_2)
     7    0.02    0.05    0.26    0.26 v stage_4.input_fifo._304_/Q (sky130_fd_sc_hd__dfxtp_2)
                                         stage_4.input_fifo$D_OUT[4] (net)
                  0.05    0.00    0.26 v stage_4._0681_/B_N (sky130_fd_sc_hd__or2b_1)
     1    0.00    0.03    0.11    0.37 ^ stage_4._0681_/X (sky130_fd_sc_hd__or2b_1)
                                         stage_4._0021_ (net)
                  0.03    0.00    0.37 ^ stage_4._0682_/A2 (sky130_fd_sc_hd__a21oi_1)
     1    0.00    0.04    0.04    0.41 v stage_4._0682_/Y (sky130_fd_sc_hd__a21oi_1)
                                         stage_4._0022_ (net)
                  0.04    0.00    0.41 v stage_4._0683_/A2 (sky130_fd_sc_hd__o21ba_1)
     1    0.00    0.03    0.11    0.52 v stage_4._0683_/X (sky130_fd_sc_hd__o21ba_1)
                                         stage_4._0023_ (net)
                  0.03    0.00    0.52 v stage_4._0684_/A2 (sky130_fd_sc_hd__o21ba_1)
     1    0.00    0.03    0.10    0.62 v stage_4._0684_/X (sky130_fd_sc_hd__o21ba_1)
                                         stage_4._0024_ (net)
                  0.03    0.00    0.62 v stage_4._0685_/A2 (sky130_fd_sc_hd__o21ba_1)
     1    0.00    0.02    0.10    0.72 v stage_4._0685_/X (sky130_fd_sc_hd__o21ba_1)
                                         stage_4._0025_ (net)
                  0.02    0.00    0.72 v stage_4._0686_/A2 (sky130_fd_sc_hd__o21ba_1)
     1    0.00    0.03    0.11    0.83 v stage_4._0686_/X (sky130_fd_sc_hd__o21ba_1)
                                         stage_4._0026_ (net)
                  0.03    0.00    0.83 v stage_4._0687_/A2 (sky130_fd_sc_hd__o21ba_1)
     1    0.01    0.04    0.12    0.95 v stage_4._0687_/X (sky130_fd_sc_hd__o21ba_1)
                                         stage_4._0027_ (net)
                  0.04    0.00    0.95 v stage_4._0688_/A2 (sky130_fd_sc_hd__o21ba_1)
     1    0.00    0.03    0.11    1.05 v stage_4._0688_/X (sky130_fd_sc_hd__o21ba_1)
                                         stage_4._0028_ (net)
                  0.03    0.00    1.05 v stage_4._0689_/A2 (sky130_fd_sc_hd__o21ba_1)
     1    0.00    0.03    0.11    1.16 v stage_4._0689_/X (sky130_fd_sc_hd__o21ba_1)
                                         stage_4._0029_ (net)
                  0.03    0.00    1.16 v stage_4._0690_/A2 (sky130_fd_sc_hd__o21ba_1)
     1    0.00    0.03    0.11    1.27 v stage_4._0690_/X (sky130_fd_sc_hd__o21ba_1)
                                         stage_4._0030_ (net)
                  0.03    0.00    1.27 v stage_4._0692_/A2 (sky130_fd_sc_hd__o21a_1)
     1    0.00    0.03    0.11    1.37 v stage_4._0692_/X (sky130_fd_sc_hd__o21a_1)
                                         stage_4._0032_ (net)
                  0.03    0.00    1.37 v stage_4._0694_/A2 (sky130_fd_sc_hd__o21ai_1)
     1    0.00    0.08    0.08    1.46 ^ stage_4._0694_/Y (sky130_fd_sc_hd__o21ai_1)
                                         stage_4._0034_ (net)
                  0.08    0.00    1.46 ^ stage_4._0695_/A2 (sky130_fd_sc_hd__a21oi_1)
     1    0.00    0.04    0.05    1.50 v stage_4._0695_/Y (sky130_fd_sc_hd__a21oi_1)
                                         stage_4._0035_ (net)
                  0.04    0.00    1.50 v stage_4._0697_/A2 (sky130_fd_sc_hd__o21a_1)
     1    0.00    0.02    0.11    1.61 v stage_4._0697_/X (sky130_fd_sc_hd__o21a_1)
                                         stage_4._0037_ (net)
                  0.02    0.00    1.61 v stage_4._0699_/A2 (sky130_fd_sc_hd__o21a_1)
     1    0.00    0.03    0.10    1.72 v stage_4._0699_/X (sky130_fd_sc_hd__o21a_1)
                                         stage_4._0039_ (net)
                  0.03    0.00    1.72 v stage_4._0701_/A2 (sky130_fd_sc_hd__o21ai_1)
     1    0.00    0.07    0.08    1.79 ^ stage_4._0701_/Y (sky130_fd_sc_hd__o21ai_1)
                                         stage_4._0041_ (net)
                  0.07    0.00    1.79 ^ stage_4._0702_/A2 (sky130_fd_sc_hd__a21oi_1)
     1    0.00    0.04    0.05    1.84 v stage_4._0702_/Y (sky130_fd_sc_hd__a21oi_1)
                                         stage_4._0042_ (net)
                  0.04    0.00    1.84 v stage_4._0704_/A2 (sky130_fd_sc_hd__o21a_1)
     1    0.00    0.03    0.12    1.96 v stage_4._0704_/X (sky130_fd_sc_hd__o21a_1)
                                         stage_4._0044_ (net)
                  0.03    0.00    1.96 v stage_4._0705_/A2 (sky130_fd_sc_hd__o21ba_1)
     1    0.00    0.03    0.11    2.06 v stage_4._0705_/X (sky130_fd_sc_hd__o21ba_1)
                                         stage_4._0045_ (net)
                  0.03    0.00    2.06 v stage_4._0706_/A2 (sky130_fd_sc_hd__o21ba_1)
     1    0.00    0.03    0.11    2.17 v stage_4._0706_/X (sky130_fd_sc_hd__o21ba_1)
                                         stage_4._0046_ (net)
                  0.03    0.00    2.17 v stage_4._0707_/A2 (sky130_fd_sc_hd__o21ba_1)
     1    0.00    0.03    0.11    2.28 v stage_4._0707_/X (sky130_fd_sc_hd__o21ba_1)
                                         stage_4._0047_ (net)
                  0.03    0.00    2.28 v stage_4._0708_/A2 (sky130_fd_sc_hd__o21ba_1)
     1    0.00    0.03    0.11    2.38 v stage_4._0708_/X (sky130_fd_sc_hd__o21ba_1)
                                         stage_4._0048_ (net)
                  0.03    0.00    2.38 v stage_4._0709_/A2 (sky130_fd_sc_hd__o21ba_1)
     1    0.00    0.03    0.10    2.49 v stage_4._0709_/X (sky130_fd_sc_hd__o21ba_1)
                                         stage_4._0049_ (net)
                  0.03    0.00    2.49 v stage_4._0710_/A2 (sky130_fd_sc_hd__o21ba_1)
     1    0.01    0.03    0.12    2.60 v stage_4._0710_/X (sky130_fd_sc_hd__o21ba_1)
                                         stage_4._0050_ (net)
                  0.03    0.00    2.60 v stage_4._0711_/A2 (sky130_fd_sc_hd__o21bai_2)
     2    0.01    0.11    0.11    2.71 ^ stage_4._0711_/Y (sky130_fd_sc_hd__o21bai_2)
                                         stage_4._0051_ (net)
                  0.11    0.00    2.71 ^ stage_4._0804_/A2 (sky130_fd_sc_hd__a211o_1)
     2    0.01    0.06    0.12    2.83 ^ stage_4._0804_/X (sky130_fd_sc_hd__a211o_1)
                                         stage_4._0144_ (net)
                  0.06    0.00    2.83 ^ stage_4._0805_/A1 (sky130_fd_sc_hd__a21o_1)
     2    0.01    0.04    0.09    2.92 ^ stage_4._0805_/X (sky130_fd_sc_hd__a21o_1)
                                         stage_4._0145_ (net)
                  0.04    0.00    2.92 ^ stage_4._0807_/B2 (sky130_fd_sc_hd__a221o_1)
     3    0.02    0.12    0.15    3.07 ^ stage_4._0807_/X (sky130_fd_sc_hd__a221o_1)
                                         stage_4._0147_ (net)
                  0.12    0.00    3.07 ^ stage_4._0809_/A2 (sky130_fd_sc_hd__a211oi_2)
     4    0.01    0.06    0.07    3.14 v stage_4._0809_/Y (sky130_fd_sc_hd__a211oi_2)
                                         stage_4._0149_ (net)
                  0.06    0.00    3.14 v stage_4._0817_/A2 (sky130_fd_sc_hd__o2111a_2)
     3    0.02    0.06    0.21    3.35 v stage_4._0817_/X (sky130_fd_sc_hd__o2111a_2)
                                         stage_4._0157_ (net)
                  0.06    0.00    3.35 v rebuffer5/A (sky130_fd_sc_hd__buf_6)
     3    0.02    0.02    0.10    3.45 v rebuffer5/X (sky130_fd_sc_hd__buf_6)
                                         net225 (net)
                  0.02    0.00    3.45 v rebuffer6/A (sky130_fd_sc_hd__clkbuf_2)
     2    0.03    0.07    0.11    3.56 v rebuffer6/X (sky130_fd_sc_hd__clkbuf_2)
                                         net226 (net)
                  0.07    0.00    3.56 v stage_4._0829_/A (sky130_fd_sc_hd__buf_6)
     5    0.03    0.03    0.11    3.67 v stage_4._0829_/X (sky130_fd_sc_hd__buf_6)
                                         stage_4._0169_ (net)
                  0.03    0.00    3.68 v stage_4._0830_/S (sky130_fd_sc_hd__mux2_4)
     3    0.02    0.06    0.23    3.90 v stage_4._0830_/X (sky130_fd_sc_hd__mux2_4)
                                         stage_4._0170_ (net)
                  0.06    0.00    3.90 v stage_4._0831_/A (sky130_fd_sc_hd__buf_4)
    10    0.05    0.05    0.14    4.04 v stage_4._0831_/X (sky130_fd_sc_hd__buf_4)
                                         stage_4._0171_ (net)
                  0.05    0.00    4.04 v stage_4._0832_/A (sky130_fd_sc_hd__buf_4)
    10    0.05    0.05    0.14    4.18 v stage_4._0832_/X (sky130_fd_sc_hd__buf_4)
                                         stage_4._0172_ (net)
                  0.05    0.00    4.18 v stage_4._0833_/A (sky130_fd_sc_hd__clkbuf_4)
    10    0.05    0.07    0.15    4.33 v stage_4._0833_/X (sky130_fd_sc_hd__clkbuf_4)
                                         stage_4._0173_ (net)
                  0.07    0.00    4.33 v stage_4._1119_/S (sky130_fd_sc_hd__mux2_4)
     2    0.01    0.05    0.23    4.56 v stage_4._1119_/X (sky130_fd_sc_hd__mux2_4)
                                         stage_4._0430_ (net)
                  0.05    0.00    4.56 v stage_4._1120_/A1 (sky130_fd_sc_hd__mux2_4)
     2    0.01    0.04    0.17    4.73 v stage_4._1120_/X (sky130_fd_sc_hd__mux2_4)
                                         stage_4._0431_ (net)
                  0.04    0.00    4.73 v stage_4._1263_/A2 (sky130_fd_sc_hd__a211o_1)
     1    0.00    0.04    0.20    4.93 v stage_4._1263_/X (sky130_fd_sc_hd__a211o_1)
                                         stage_4._0558_ (net)
                  0.04    0.00    4.93 v stage_4._1267_/A1 (sky130_fd_sc_hd__a21o_1)
     1    0.00    0.03    0.11    5.04 v stage_4._1267_/X (sky130_fd_sc_hd__a21o_1)
                                         stage_4.IF_NOT_input_fifo_first_BIT_2_AND_NOT_input_fi_ETC___d199[45] (net)
                  0.03    0.00    5.04 v stage_4.output_fifo._244_/A1 (sky130_fd_sc_hd__mux2_2)
     1    0.00    0.03    0.14    5.18 v stage_4.output_fifo._244_/X (sky130_fd_sc_hd__mux2_2)
                                         stage_4.output_fifo._121_ (net)
                  0.03    0.00    5.18 v stage_4.output_fifo._245_/A (sky130_fd_sc_hd__clkbuf_1)
     1    0.00    0.02    0.06    5.24 v stage_4.output_fifo._245_/X (sky130_fd_sc_hd__clkbuf_1)
                                         stage_4.output_fifo._047_ (net)
                  0.02    0.00    5.24 v stage_4.output_fifo._330_/D (sky130_fd_sc_hd__dfxtp_1)
                                  5.24   data arrival time

                  0.15   10.30   10.30   clock CLK (rise edge)
                          0.00   10.30   clock network delay (ideal)
                         -0.25   10.05   clock uncertainty
                          0.00   10.05   clock reconvergence pessimism
                                 10.05 ^ stage_4.output_fifo._330_/CLK (sky130_fd_sc_hd__dfxtp_1)
                         -0.05   10.00   library setup time
                                 10.00   data required time
-----------------------------------------------------------------------------
                                 10.00   data required time
                                 -5.24   data arrival time
-----------------------------------------------------------------------------
                                  4.76   slack (MET)



======================= Slowest Corner ===================================

Startpoint: stage_4.input_fifo._304_
            (rising edge-triggered flip-flop clocked by CLK)
Endpoint: stage_4.output_fifo._303_
          (rising edge-triggered flip-flop clocked by CLK)
Path Group: CLK
Path Type: max
Corner: Slowest

Fanout     Cap    Slew   Delay    Time   Description
-----------------------------------------------------------------------------
                  0.15    0.00    0.00   clock CLK (rise edge)
                          0.00    0.00   clock network delay (ideal)
                  0.15    0.00    0.00 ^ stage_4.input_fifo._304_/CLK (sky130_fd_sc_hd__dfxtp_2)
     7    0.02    0.20    0.83    0.83 ^ stage_4.input_fifo._304_/Q (sky130_fd_sc_hd__dfxtp_2)
                                         stage_4.input_fifo$D_OUT[4] (net)
                  0.20    0.00    0.84 ^ stage_4._0716_/A (sky130_fd_sc_hd__nor2_1)
     1    0.00    0.06    0.14    0.97 v stage_4._0716_/Y (sky130_fd_sc_hd__nor2_1)
                                         stage_4._0056_ (net)
                  0.06    0.00    0.97 v stage_4._0718_/A3 (sky130_fd_sc_hd__o31a_1)
     1    0.00    0.09    0.47    1.44 v stage_4._0718_/X (sky130_fd_sc_hd__o31a_1)
                                         stage_4._0058_ (net)
                  0.09    0.00    1.44 v stage_4._0720_/A3 (sky130_fd_sc_hd__o31a_1)
     1    0.00    0.09    0.48    1.92 v stage_4._0720_/X (sky130_fd_sc_hd__o31a_1)
                                         stage_4._0060_ (net)
                  0.09    0.00    1.92 v stage_4._0722_/A3 (sky130_fd_sc_hd__o31a_1)
     1    0.00    0.09    0.49    2.41 v stage_4._0722_/X (sky130_fd_sc_hd__o31a_1)
                                         stage_4._0062_ (net)
                  0.09    0.00    2.41 v stage_4._0724_/A3 (sky130_fd_sc_hd__o31a_1)
     1    0.00    0.10    0.50    2.92 v stage_4._0724_/X (sky130_fd_sc_hd__o31a_1)
                                         stage_4._0064_ (net)
                  0.10    0.00    2.92 v stage_4._0726_/A3 (sky130_fd_sc_hd__o311a_1)
     1    0.00    0.10    0.60    3.51 v stage_4._0726_/X (sky130_fd_sc_hd__o311a_1)
                                         stage_4._0066_ (net)
                  0.10    0.00    3.51 v stage_4._0728_/A3 (sky130_fd_sc_hd__o311a_1)
     1    0.00    0.11    0.61    4.12 v stage_4._0728_/X (sky130_fd_sc_hd__o311a_1)
                                         stage_4._0068_ (net)
                  0.11    0.00    4.12 v stage_4._0731_/A3 (sky130_fd_sc_hd__o31a_1)
     1    0.00    0.09    0.48    4.60 v stage_4._0731_/X (sky130_fd_sc_hd__o31a_1)
                                         stage_4._0071_ (net)
                  0.09    0.00    4.60 v stage_4._0733_/A3 (sky130_fd_sc_hd__o311a_1)
     1    0.00    0.10    0.59    5.19 v stage_4._0733_/X (sky130_fd_sc_hd__o311a_1)
                                         stage_4._0073_ (net)
                  0.10    0.00    5.19 v stage_4._0735_/A3 (sky130_fd_sc_hd__o31a_1)
     1    0.00    0.09    0.49    5.68 v stage_4._0735_/X (sky130_fd_sc_hd__o31a_1)
                                         stage_4._0075_ (net)
                  0.09    0.00    5.68 v stage_4._0737_/A3 (sky130_fd_sc_hd__o31a_1)
     1    0.00    0.09    0.49    6.17 v stage_4._0737_/X (sky130_fd_sc_hd__o31a_1)
                                         stage_4._0077_ (net)
                  0.09    0.00    6.17 v stage_4._0739_/A3 (sky130_fd_sc_hd__o31a_1)
     1    0.00    0.10    0.50    6.68 v stage_4._0739_/X (sky130_fd_sc_hd__o31a_1)
                                         stage_4._0079_ (net)
                  0.10    0.00    6.68 v stage_4._0741_/A3 (sky130_fd_sc_hd__o31a_1)
     1    0.00    0.09    0.49    7.16 v stage_4._0741_/X (sky130_fd_sc_hd__o31a_1)
                                         stage_4._0081_ (net)
                  0.09    0.00    7.16 v stage_4._0742_/C (sky130_fd_sc_hd__or3_4)
     3    0.02    0.15    0.75    7.92 v stage_4._0742_/X (sky130_fd_sc_hd__or3_4)
                                         stage_4._0082_ (net)
                  0.15    0.00    7.92 v stage_4._0744_/B (sky130_fd_sc_hd__nor2_4)
     1    0.01    0.16    0.21    8.12 ^ stage_4._0744_/Y (sky130_fd_sc_hd__nor2_4)
                                         stage_4._0084_ (net)
                  0.16    0.00    8.12 ^ stage_4._0745_/B (sky130_fd_sc_hd__nor2_4)
     3    0.01    0.05    0.10    8.23 v stage_4._0745_/Y (sky130_fd_sc_hd__nor2_4)
                                         stage_4._0085_ (net)
                  0.05    0.00    8.23 v stage_4._0805_/A2 (sky130_fd_sc_hd__a21o_1)
     2    0.01    0.08    0.34    8.57 v stage_4._0805_/X (sky130_fd_sc_hd__a21o_1)
                                         stage_4._0145_ (net)
                  0.08    0.00    8.57 v stage_4._0807_/B2 (sky130_fd_sc_hd__a221o_1)
     3    0.02    0.20    0.76    9.33 v stage_4._0807_/X (sky130_fd_sc_hd__a221o_1)
                                         stage_4._0147_ (net)
                  0.20    0.00    9.33 v stage_4._0809_/A2 (sky130_fd_sc_hd__a211oi_2)
     4    0.01    0.47    0.61    9.94 ^ stage_4._0809_/Y (sky130_fd_sc_hd__a211oi_2)
                                         stage_4._0149_ (net)
                  0.47    0.00    9.94 ^ stage_4._0817_/A2 (sky130_fd_sc_hd__o2111a_2)
     3    0.02    0.22    0.70   10.64 ^ stage_4._0817_/X (sky130_fd_sc_hd__o2111a_2)
                                         stage_4._0157_ (net)
                  0.22    0.00   10.64 ^ rebuffer5/A (sky130_fd_sc_hd__buf_6)
     3    0.02    0.08    0.27   10.91 ^ rebuffer5/X (sky130_fd_sc_hd__buf_6)
                                         net225 (net)
                  0.08    0.00   10.91 ^ rebuffer6/A (sky130_fd_sc_hd__clkbuf_2)
     2    0.03    0.23    0.33   11.24 ^ rebuffer6/X (sky130_fd_sc_hd__clkbuf_2)
                                         net226 (net)
                  0.23    0.00   11.24 ^ stage_4._0829_/A (sky130_fd_sc_hd__buf_6)
     5    0.04    0.13    0.31   11.55 ^ stage_4._0829_/X (sky130_fd_sc_hd__buf_6)
                                         stage_4._0169_ (net)
                  0.13    0.00   11.55 ^ stage_4._1017_/A1 (sky130_fd_sc_hd__a21boi_1)
     3    0.01    0.18    0.23   11.78 v stage_4._1017_/Y (sky130_fd_sc_hd__a21boi_1)
                                         stage_4._0340_ (net)
                  0.18    0.00   11.78 v stage_4._1025_/A3 (sky130_fd_sc_hd__mux4_2)
     2    0.01    0.20    1.22   13.00 v stage_4._1025_/X (sky130_fd_sc_hd__mux4_2)
                                         stage_4._0347_ (net)
                  0.20    0.00   13.00 v stage_4._1026_/A1 (sky130_fd_sc_hd__mux2_1)
     2    0.01    0.16    0.81   13.81 v stage_4._1026_/X (sky130_fd_sc_hd__mux2_1)
                                         stage_4._0348_ (net)
                  0.16    0.00   13.81 v stage_4._1027_/A1 (sky130_fd_sc_hd__mux2_2)
     2    0.01    0.14    0.69   14.49 v stage_4._1027_/X (sky130_fd_sc_hd__mux2_2)
                                         stage_4._0349_ (net)
                  0.14    0.00   14.49 v stage_4._1028_/A (sky130_fd_sc_hd__inv_2)
     1    0.00    0.05    0.09   14.59 ^ stage_4._1028_/Y (sky130_fd_sc_hd__inv_2)
                                         stage_4._0350_ (net)
                  0.05    0.00   14.59 ^ stage_4._1029_/A1 (sky130_fd_sc_hd__mux2_2)
     2    0.02    0.21    0.42   15.00 ^ stage_4._1029_/X (sky130_fd_sc_hd__mux2_2)
                                         stage_4._0351_ (net)
                  0.21    0.00   15.00 ^ stage_4._1030_/B (sky130_fd_sc_hd__nor2_1)
     1    0.00    0.08    0.15   15.15 v stage_4._1030_/Y (sky130_fd_sc_hd__nor2_1)
                                         stage_4._0352_ (net)
                  0.08    0.00   15.15 v stage_4._1031_/C1 (sky130_fd_sc_hd__a221o_1)
     1    0.00    0.11    0.54   15.69 v stage_4._1031_/X (sky130_fd_sc_hd__a221o_1)
                                         stage_4.IF_NOT_input_fifo_first_BIT_2_AND_NOT_input_fi_ETC___d199[18] (net)
                  0.11    0.00   15.69 v stage_4.output_fifo._187_/A1 (sky130_fd_sc_hd__mux2_1)
     1    0.00    0.11    0.69   16.39 v stage_4.output_fifo._187_/X (sky130_fd_sc_hd__mux2_1)
                                         stage_4.output_fifo._091_ (net)
                  0.11    0.00   16.39 v stage_4.output_fifo._188_/A (sky130_fd_sc_hd__clkbuf_1)
     1    0.00    0.04    0.18   16.57 v stage_4.output_fifo._188_/X (sky130_fd_sc_hd__clkbuf_1)
                                         stage_4.output_fifo._020_ (net)
                  0.04    0.00   16.57 v stage_4.output_fifo._303_/D (sky130_fd_sc_hd__dfxtp_1)
                                 16.57   data arrival time

                  0.15   10.30   10.30   clock CLK (rise edge)
                          0.00   10.30   clock network delay (ideal)
                         -0.25   10.05   clock uncertainty
                          0.00   10.05   clock reconvergence pessimism
                                 10.05 ^ stage_4.output_fifo._303_/CLK (sky130_fd_sc_hd__dfxtp_1)
                         -0.24    9.81   library setup time
                                  9.81   data required time
-----------------------------------------------------------------------------
                                  9.81   data required time
                                -16.57   data arrival time
-----------------------------------------------------------------------------
                                 -6.75   slack (VIOLATED)



======================= Typical Corner ===================================

Startpoint: stage_4.input_fifo._304_
            (rising edge-triggered flip-flop clocked by CLK)
Endpoint: stage_4.output_fifo._336_
          (rising edge-triggered flip-flop clocked by CLK)
Path Group: CLK
Path Type: max
Corner: Typical

Fanout     Cap    Slew   Delay    Time   Description
-----------------------------------------------------------------------------
                  0.15    0.00    0.00   clock CLK (rise edge)
                          0.00    0.00   clock network delay (ideal)
                  0.15    0.00    0.00 ^ stage_4.input_fifo._304_/CLK (sky130_fd_sc_hd__dfxtp_2)
     7    0.02    0.13    0.44    0.44 ^ stage_4.input_fifo._304_/Q (sky130_fd_sc_hd__dfxtp_2)
                                         stage_4.input_fifo$D_OUT[4] (net)
                  0.13    0.00    0.44 ^ stage_4._0716_/A (sky130_fd_sc_hd__nor2_1)
     1    0.00    0.04    0.06    0.50 v stage_4._0716_/Y (sky130_fd_sc_hd__nor2_1)
                                         stage_4._0056_ (net)
                  0.04    0.00    0.50 v stage_4._0718_/A3 (sky130_fd_sc_hd__o31a_1)
     1    0.00    0.05    0.24    0.74 v stage_4._0718_/X (sky130_fd_sc_hd__o31a_1)
                                         stage_4._0058_ (net)
                  0.05    0.00    0.74 v stage_4._0720_/A3 (sky130_fd_sc_hd__o31a_1)
     1    0.00    0.05    0.24    0.98 v stage_4._0720_/X (sky130_fd_sc_hd__o31a_1)
                                         stage_4._0060_ (net)
                  0.05    0.00    0.98 v stage_4._0722_/A3 (sky130_fd_sc_hd__o31a_1)
     1    0.00    0.05    0.25    1.23 v stage_4._0722_/X (sky130_fd_sc_hd__o31a_1)
                                         stage_4._0062_ (net)
                  0.05    0.00    1.23 v stage_4._0724_/A3 (sky130_fd_sc_hd__o31a_1)
     1    0.00    0.05    0.26    1.49 v stage_4._0724_/X (sky130_fd_sc_hd__o31a_1)
                                         stage_4._0064_ (net)
                  0.05    0.00    1.49 v stage_4._0726_/A3 (sky130_fd_sc_hd__o311a_1)
     1    0.00    0.06    0.31    1.79 v stage_4._0726_/X (sky130_fd_sc_hd__o311a_1)
                                         stage_4._0066_ (net)
                  0.06    0.00    1.79 v stage_4._0728_/A3 (sky130_fd_sc_hd__o311a_1)
     1    0.00    0.06    0.31    2.11 v stage_4._0728_/X (sky130_fd_sc_hd__o311a_1)
                                         stage_4._0068_ (net)
                  0.06    0.00    2.11 v stage_4._0731_/A3 (sky130_fd_sc_hd__o31a_1)
     1    0.00    0.05    0.24    2.35 v stage_4._0731_/X (sky130_fd_sc_hd__o31a_1)
                                         stage_4._0071_ (net)
                  0.05    0.00    2.35 v stage_4._0733_/A3 (sky130_fd_sc_hd__o311a_1)
     1    0.00    0.06    0.30    2.65 v stage_4._0733_/X (sky130_fd_sc_hd__o311a_1)
                                         stage_4._0073_ (net)
                  0.06    0.00    2.65 v stage_4._0735_/A3 (sky130_fd_sc_hd__o31a_1)
     1    0.00    0.05    0.25    2.90 v stage_4._0735_/X (sky130_fd_sc_hd__o31a_1)
                                         stage_4._0075_ (net)
                  0.05    0.00    2.90 v stage_4._0737_/A3 (sky130_fd_sc_hd__o31a_1)
     1    0.00    0.05    0.25    3.15 v stage_4._0737_/X (sky130_fd_sc_hd__o31a_1)
                                         stage_4._0077_ (net)
                  0.05    0.00    3.15 v stage_4._0739_/A3 (sky130_fd_sc_hd__o31a_1)
     1    0.00    0.05    0.25    3.41 v stage_4._0739_/X (sky130_fd_sc_hd__o31a_1)
                                         stage_4._0079_ (net)
                  0.05    0.00    3.41 v stage_4._0741_/A3 (sky130_fd_sc_hd__o31a_1)
     1    0.00    0.05    0.25    3.65 v stage_4._0741_/X (sky130_fd_sc_hd__o31a_1)
                                         stage_4._0081_ (net)
                  0.05    0.00    3.65 v stage_4._0742_/C (sky130_fd_sc_hd__or3_4)
     3    0.02    0.09    0.38    4.03 v stage_4._0742_/X (sky130_fd_sc_hd__or3_4)
                                         stage_4._0082_ (net)
                  0.09    0.00    4.03 v stage_4._0744_/B (sky130_fd_sc_hd__nor2_4)
     1    0.01    0.10    0.12    4.15 ^ stage_4._0744_/Y (sky130_fd_sc_hd__nor2_4)
                                         stage_4._0084_ (net)
                  0.10    0.00    4.15 ^ stage_4._0745_/B (sky130_fd_sc_hd__nor2_4)
     3    0.01    0.03    0.05    4.20 v stage_4._0745_/Y (sky130_fd_sc_hd__nor2_4)
                                         stage_4._0085_ (net)
                  0.03    0.00    4.20 v stage_4._0805_/A2 (sky130_fd_sc_hd__a21o_1)
     2    0.01    0.04    0.19    4.39 v stage_4._0805_/X (sky130_fd_sc_hd__a21o_1)
                                         stage_4._0145_ (net)
                  0.04    0.00    4.39 v stage_4._0807_/B2 (sky130_fd_sc_hd__a221o_1)
     3    0.02    0.11    0.40    4.79 v stage_4._0807_/X (sky130_fd_sc_hd__a221o_1)
                                         stage_4._0147_ (net)
                  0.11    0.00    4.79 v stage_4._0809_/A2 (sky130_fd_sc_hd__a211oi_2)
     4    0.01    0.28    0.35    5.14 ^ stage_4._0809_/Y (sky130_fd_sc_hd__a211oi_2)
                                         stage_4._0149_ (net)
                  0.28    0.00    5.14 ^ stage_4._0817_/A2 (sky130_fd_sc_hd__o2111a_2)
     3    0.02    0.13    0.31    5.45 ^ stage_4._0817_/X (sky130_fd_sc_hd__o2111a_2)
                                         stage_4._0157_ (net)
                  0.13    0.00    5.45 ^ stage_4._0881_/S (sky130_fd_sc_hd__mux2_4)
     2    0.01    0.06    0.35    5.80 v stage_4._0881_/X (sky130_fd_sc_hd__mux2_4)
                                         stage_4._0219_ (net)
                  0.06    0.00    5.80 v stage_4._0882_/A (sky130_fd_sc_hd__buf_8)
     5    0.05    0.05    0.16    5.96 v stage_4._0882_/X (sky130_fd_sc_hd__buf_8)
                                         stage_4._0220_ (net)
                  0.05    0.00    5.96 v stage_4._0893_/A (sky130_fd_sc_hd__and2_4)
     2    0.01    0.04    0.16    6.12 v stage_4._0893_/X (sky130_fd_sc_hd__and2_4)
                                         stage_4._0230_ (net)
                  0.04    0.00    6.12 v stage_4._0894_/A (sky130_fd_sc_hd__buf_8)
     6    0.04    0.04    0.14    6.26 v stage_4._0894_/X (sky130_fd_sc_hd__buf_8)
                                         stage_4._0231_ (net)
                  0.04    0.00    6.26 v stage_4._0895_/A (sky130_fd_sc_hd__buf_8)
     5    0.03    0.04    0.13    6.40 v stage_4._0895_/X (sky130_fd_sc_hd__buf_8)
                                         stage_4._0232_ (net)
                  0.04    0.00    6.40 v stage_4._0921_/A2 (sky130_fd_sc_hd__a22o_1)
     2    0.01    0.06    0.25    6.64 v stage_4._0921_/X (sky130_fd_sc_hd__a22o_1)
                                         stage_4._0256_ (net)
                  0.06    0.00    6.64 v stage_4._0942_/A0 (sky130_fd_sc_hd__mux2_4)
     2    0.01    0.05    0.29    6.93 v stage_4._0942_/X (sky130_fd_sc_hd__mux2_4)
                                         stage_4._0275_ (net)
                  0.05    0.00    6.93 v stage_4._0971_/A0 (sky130_fd_sc_hd__mux2_4)
     2    0.02    0.07    0.31    7.25 v stage_4._0971_/X (sky130_fd_sc_hd__mux2_4)
                                         stage_4._0300_ (net)
                  0.07    0.00    7.25 v stage_4._1037_/A0 (sky130_fd_sc_hd__mux2_4)
     2    0.01    0.06    0.30    7.55 v stage_4._1037_/X (sky130_fd_sc_hd__mux2_4)
                                         stage_4._0358_ (net)
                  0.06    0.00    7.55 v stage_4._1038_/A1 (sky130_fd_sc_hd__mux2_4)
     2    0.02    0.07    0.31    7.86 v stage_4._1038_/X (sky130_fd_sc_hd__mux2_4)
                                         stage_4._0359_ (net)
                  0.07    0.00    7.86 v stage_4._1320_/A1 (sky130_fd_sc_hd__a211o_1)
     1    0.00    0.05    0.28    8.14 v stage_4._1320_/X (sky130_fd_sc_hd__a211o_1)
                                         stage_4.IF_NOT_input_fifo_first_BIT_2_AND_NOT_input_fi_ETC___d199[51] (net)
                  0.05    0.00    8.14 v stage_4.output_fifo._257_/A1 (sky130_fd_sc_hd__mux2_4)
     1    0.00    0.05    0.27    8.41 v stage_4.output_fifo._257_/X (sky130_fd_sc_hd__mux2_4)
                                         stage_4.output_fifo._128_ (net)
                  0.05    0.00    8.41 v stage_4.output_fifo._258_/A (sky130_fd_sc_hd__clkbuf_1)
     1    0.00    0.02    0.09    8.50 v stage_4.output_fifo._258_/X (sky130_fd_sc_hd__clkbuf_1)
                                         stage_4.output_fifo._053_ (net)
                  0.02    0.00    8.50 v stage_4.output_fifo._336_/D (sky130_fd_sc_hd__dfxtp_1)
                                  8.50   data arrival time

                  0.15   10.30   10.30   clock CLK (rise edge)
                          0.00   10.30   clock network delay (ideal)
                         -0.25   10.05   clock uncertainty
                          0.00   10.05   clock reconvergence pessimism
                                 10.05 ^ stage_4.output_fifo._336_/CLK (sky130_fd_sc_hd__dfxtp_1)
                         -0.08    9.97   library setup time
                                  9.97   data required time
-----------------------------------------------------------------------------
                                  9.97   data required time
                                 -8.50   data arrival time
-----------------------------------------------------------------------------
                                  1.48   slack (MET)




===========================================================================
report_checks --slack_max -0.01
============================================================================
======================= Fastest Corner ===================================

No paths found.

======================= Slowest Corner ===================================

Startpoint: stage_4.input_fifo._304_
            (rising edge-triggered flip-flop clocked by CLK)
Endpoint: stage_4.output_fifo._303_
          (rising edge-triggered flip-flop clocked by CLK)
Path Group: CLK
Path Type: max
Corner: Slowest

Fanout     Cap    Slew   Delay    Time   Description
-----------------------------------------------------------------------------
                  0.15    0.00    0.00   clock CLK (rise edge)
                          0.00    0.00   clock network delay (ideal)
                  0.15    0.00    0.00 ^ stage_4.input_fifo._304_/CLK (sky130_fd_sc_hd__dfxtp_2)
     7    0.02    0.20    0.83    0.83 ^ stage_4.input_fifo._304_/Q (sky130_fd_sc_hd__dfxtp_2)
                                         stage_4.input_fifo$D_OUT[4] (net)
                  0.20    0.00    0.84 ^ stage_4._0716_/A (sky130_fd_sc_hd__nor2_1)
     1    0.00    0.06    0.14    0.97 v stage_4._0716_/Y (sky130_fd_sc_hd__nor2_1)
                                         stage_4._0056_ (net)
                  0.06    0.00    0.97 v stage_4._0718_/A3 (sky130_fd_sc_hd__o31a_1)
     1    0.00    0.09    0.47    1.44 v stage_4._0718_/X (sky130_fd_sc_hd__o31a_1)
                                         stage_4._0058_ (net)
                  0.09    0.00    1.44 v stage_4._0720_/A3 (sky130_fd_sc_hd__o31a_1)
     1    0.00    0.09    0.48    1.92 v stage_4._0720_/X (sky130_fd_sc_hd__o31a_1)
                                         stage_4._0060_ (net)
                  0.09    0.00    1.92 v stage_4._0722_/A3 (sky130_fd_sc_hd__o31a_1)
     1    0.00    0.09    0.49    2.41 v stage_4._0722_/X (sky130_fd_sc_hd__o31a_1)
                                         stage_4._0062_ (net)
                  0.09    0.00    2.41 v stage_4._0724_/A3 (sky130_fd_sc_hd__o31a_1)
     1    0.00    0.10    0.50    2.92 v stage_4._0724_/X (sky130_fd_sc_hd__o31a_1)
                                         stage_4._0064_ (net)
                  0.10    0.00    2.92 v stage_4._0726_/A3 (sky130_fd_sc_hd__o311a_1)
     1    0.00    0.10    0.60    3.51 v stage_4._0726_/X (sky130_fd_sc_hd__o311a_1)
                                         stage_4._0066_ (net)
                  0.10    0.00    3.51 v stage_4._0728_/A3 (sky130_fd_sc_hd__o311a_1)
     1    0.00    0.11    0.61    4.12 v stage_4._0728_/X (sky130_fd_sc_hd__o311a_1)
                                         stage_4._0068_ (net)
                  0.11    0.00    4.12 v stage_4._0731_/A3 (sky130_fd_sc_hd__o31a_1)
     1    0.00    0.09    0.48    4.60 v stage_4._0731_/X (sky130_fd_sc_hd__o31a_1)
                                         stage_4._0071_ (net)
                  0.09    0.00    4.60 v stage_4._0733_/A3 (sky130_fd_sc_hd__o311a_1)
     1    0.00    0.10    0.59    5.19 v stage_4._0733_/X (sky130_fd_sc_hd__o311a_1)
                                         stage_4._0073_ (net)
                  0.10    0.00    5.19 v stage_4._0735_/A3 (sky130_fd_sc_hd__o31a_1)
     1    0.00    0.09    0.49    5.68 v stage_4._0735_/X (sky130_fd_sc_hd__o31a_1)
                                         stage_4._0075_ (net)
                  0.09    0.00    5.68 v stage_4._0737_/A3 (sky130_fd_sc_hd__o31a_1)
     1    0.00    0.09    0.49    6.17 v stage_4._0737_/X (sky130_fd_sc_hd__o31a_1)
                                         stage_4._0077_ (net)
                  0.09    0.00    6.17 v stage_4._0739_/A3 (sky130_fd_sc_hd__o31a_1)
     1    0.00    0.10    0.50    6.68 v stage_4._0739_/X (sky130_fd_sc_hd__o31a_1)
                                         stage_4._0079_ (net)
                  0.10    0.00    6.68 v stage_4._0741_/A3 (sky130_fd_sc_hd__o31a_1)
     1    0.00    0.09    0.49    7.16 v stage_4._0741_/X (sky130_fd_sc_hd__o31a_1)
                                         stage_4._0081_ (net)
                  0.09    0.00    7.16 v stage_4._0742_/C (sky130_fd_sc_hd__or3_4)
     3    0.02    0.15    0.75    7.92 v stage_4._0742_/X (sky130_fd_sc_hd__or3_4)
                                         stage_4._0082_ (net)
                  0.15    0.00    7.92 v stage_4._0744_/B (sky130_fd_sc_hd__nor2_4)
     1    0.01    0.16    0.21    8.12 ^ stage_4._0744_/Y (sky130_fd_sc_hd__nor2_4)
                                         stage_4._0084_ (net)
                  0.16    0.00    8.12 ^ stage_4._0745_/B (sky130_fd_sc_hd__nor2_4)
     3    0.01    0.05    0.10    8.23 v stage_4._0745_/Y (sky130_fd_sc_hd__nor2_4)
                                         stage_4._0085_ (net)
                  0.05    0.00    8.23 v stage_4._0805_/A2 (sky130_fd_sc_hd__a21o_1)
     2    0.01    0.08    0.34    8.57 v stage_4._0805_/X (sky130_fd_sc_hd__a21o_1)
                                         stage_4._0145_ (net)
                  0.08    0.00    8.57 v stage_4._0807_/B2 (sky130_fd_sc_hd__a221o_1)
     3    0.02    0.20    0.76    9.33 v stage_4._0807_/X (sky130_fd_sc_hd__a221o_1)
                                         stage_4._0147_ (net)
                  0.20    0.00    9.33 v stage_4._0809_/A2 (sky130_fd_sc_hd__a211oi_2)
     4    0.01    0.47    0.61    9.94 ^ stage_4._0809_/Y (sky130_fd_sc_hd__a211oi_2)
                                         stage_4._0149_ (net)
                  0.47    0.00    9.94 ^ stage_4._0817_/A2 (sky130_fd_sc_hd__o2111a_2)
     3    0.02    0.22    0.70   10.64 ^ stage_4._0817_/X (sky130_fd_sc_hd__o2111a_2)
                                         stage_4._0157_ (net)
                  0.22    0.00   10.64 ^ rebuffer5/A (sky130_fd_sc_hd__buf_6)
     3    0.02    0.08    0.27   10.91 ^ rebuffer5/X (sky130_fd_sc_hd__buf_6)
                                         net225 (net)
                  0.08    0.00   10.91 ^ rebuffer6/A (sky130_fd_sc_hd__clkbuf_2)
     2    0.03    0.23    0.33   11.24 ^ rebuffer6/X (sky130_fd_sc_hd__clkbuf_2)
                                         net226 (net)
                  0.23    0.00   11.24 ^ stage_4._0829_/A (sky130_fd_sc_hd__buf_6)
     5    0.04    0.13    0.31   11.55 ^ stage_4._0829_/X (sky130_fd_sc_hd__buf_6)
                                         stage_4._0169_ (net)
                  0.13    0.00   11.55 ^ stage_4._1017_/A1 (sky130_fd_sc_hd__a21boi_1)
     3    0.01    0.18    0.23   11.78 v stage_4._1017_/Y (sky130_fd_sc_hd__a21boi_1)
                                         stage_4._0340_ (net)
                  0.18    0.00   11.78 v stage_4._1025_/A3 (sky130_fd_sc_hd__mux4_2)
     2    0.01    0.20    1.22   13.00 v stage_4._1025_/X (sky130_fd_sc_hd__mux4_2)
                                         stage_4._0347_ (net)
                  0.20    0.00   13.00 v stage_4._1026_/A1 (sky130_fd_sc_hd__mux2_1)
     2    0.01    0.16    0.81   13.81 v stage_4._1026_/X (sky130_fd_sc_hd__mux2_1)
                                         stage_4._0348_ (net)
                  0.16    0.00   13.81 v stage_4._1027_/A1 (sky130_fd_sc_hd__mux2_2)
     2    0.01    0.14    0.69   14.49 v stage_4._1027_/X (sky130_fd_sc_hd__mux2_2)
                                         stage_4._0349_ (net)
                  0.14    0.00   14.49 v stage_4._1028_/A (sky130_fd_sc_hd__inv_2)
     1    0.00    0.05    0.09   14.59 ^ stage_4._1028_/Y (sky130_fd_sc_hd__inv_2)
                                         stage_4._0350_ (net)
                  0.05    0.00   14.59 ^ stage_4._1029_/A1 (sky130_fd_sc_hd__mux2_2)
     2    0.02    0.21    0.42   15.00 ^ stage_4._1029_/X (sky130_fd_sc_hd__mux2_2)
                                         stage_4._0351_ (net)
                  0.21    0.00   15.00 ^ stage_4._1030_/B (sky130_fd_sc_hd__nor2_1)
     1    0.00    0.08    0.15   15.15 v stage_4._1030_/Y (sky130_fd_sc_hd__nor2_1)
                                         stage_4._0352_ (net)
                  0.08    0.00   15.15 v stage_4._1031_/C1 (sky130_fd_sc_hd__a221o_1)
     1    0.00    0.11    0.54   15.69 v stage_4._1031_/X (sky130_fd_sc_hd__a221o_1)
                                         stage_4.IF_NOT_input_fifo_first_BIT_2_AND_NOT_input_fi_ETC___d199[18] (net)
                  0.11    0.00   15.69 v stage_4.output_fifo._187_/A1 (sky130_fd_sc_hd__mux2_1)
     1    0.00    0.11    0.69   16.39 v stage_4.output_fifo._187_/X (sky130_fd_sc_hd__mux2_1)
                                         stage_4.output_fifo._091_ (net)
                  0.11    0.00   16.39 v stage_4.output_fifo._188_/A (sky130_fd_sc_hd__clkbuf_1)
     1    0.00    0.04    0.18   16.57 v stage_4.output_fifo._188_/X (sky130_fd_sc_hd__clkbuf_1)
                                         stage_4.output_fifo._020_ (net)
                  0.04    0.00   16.57 v stage_4.output_fifo._303_/D (sky130_fd_sc_hd__dfxtp_1)
                                 16.57   data arrival time

                  0.15   10.30   10.30   clock CLK (rise edge)
                          0.00   10.30   clock network delay (ideal)
                         -0.25   10.05   clock uncertainty
                          0.00   10.05   clock reconvergence pessimism
                                 10.05 ^ stage_4.output_fifo._303_/CLK (sky130_fd_sc_hd__dfxtp_1)
                         -0.24    9.81   library setup time
                                  9.81   data required time
-----------------------------------------------------------------------------
                                  9.81   data required time
                                -16.57   data arrival time
-----------------------------------------------------------------------------
                                 -6.75   slack (VIOLATED)



======================= Typical Corner ===================================

No paths found.


===========================================================================
 report_check_types -max_slew -max_cap -max_fanout -violators
============================================================================
======================= Fastest Corner ===================================

max fanout

Pin                                   Limit Fanout  Slack
---------------------------------------------------------
input_1._141_/X                          10     11        (VIOLATED)
stage_2.input_fifo._324_/X               10     11        (VIOLATED)
stage_3._1371_/X                         10     11        (VIOLATED)
stage_3._1437_/X                         10     11        (VIOLATED)


max slew violations count Fastest: 0
max fanout violations count Fastest: 4
max cap violations count Fastest: 0
======================= Slowest Corner ===================================

max slew

Pin                                    Limit    Slew   Slack
------------------------------------------------------------
stage_2._1174_/Y                        0.75    0.79   -0.04 (VIOLATED)
stage_2._1175_/A1                       0.75    0.79   -0.04 (VIOLATED)
stage_2._1298_/A1                       0.75    0.79   -0.04 (VIOLATED)

max fanout

Pin                                   Limit Fanout  Slack
---------------------------------------------------------
input_1._141_/X                          10     11        (VIOLATED)
stage_2.input_fifo._324_/X               10     11        (VIOLATED)
stage_3._1371_/X                         10     11        (VIOLATED)
stage_3._1437_/X                         10     11        (VIOLATED)


max slew violations count Slowest: 3
max fanout violations count Slowest: 4
max cap violations count Slowest: 0
======================= Typical Corner ===================================

max fanout

Pin                                   Limit Fanout  Slack
---------------------------------------------------------
input_1._141_/X                          10     11        (VIOLATED)
stage_2.input_fifo._324_/X               10     11        (VIOLATED)
stage_3._1371_/X                         10     11        (VIOLATED)
stage_3._1437_/X                         10     11        (VIOLATED)


max slew violations count Typical: 0
max fanout violations count Typical: 4
max cap violations count Typical: 0

===========================================================================
report_parasitic_annotation -report_unannotated
============================================================================
Found 11 unannotated drivers.
 input_1._278__210/HI
 input_2._278__211/HI
 is_valid._12__212/HI
 stage_2.input_fifo._447__213/HI
 stage_2.input_fifo._449__214/HI
 stage_2.input_fifo._563__215/HI
 stage_2.input_fifo._565__216/HI
 stage_2.input_fifo._644__217/HI
 stage_3.input_fifo._548__218/HI
 stage_4.input_fifo._154__219/HI
 stage_4.output_fifo._146__220/HI
Found 0 partially unannotated drivers.

===========================================================================
max slew violation count 3
max fanout violation count 4
max cap violation count 0
============================================================================

===========================================================================
check_setup -verbose -unconstrained_endpoints -multiple_clock -no_clock -no_input_delay -loops -generated_clocks
===========================================================================
